
Map of Debug\geekstylesin12v3clock.sm8 from link file Debug\geekstylesin12v3clock.lkf - Wed Dec  4 16:20:00 2024


                               --------
                               Segments
                               --------

start 00008080 end 00008091 length    17 segment .const
start 000080a5 end 00008af8 length  2643 segment .text
start 00004000 end 00004000 length     0 segment .eeprom
start 00000000 end 0000000c length    12 segment .bsct, initialized
start 00008099 end 000080a5 length    12 segment .bsct, from
start 0000000c end 0000001e length    18 segment .ubsct
start 0000001e end 0000001e length     0 segment .bit
start 0000001e end 0000001e length     0 segment .share
start 00000100 end 00000100 length     0 segment .data
start 00000100 end 00000100 length     0 segment .bss
start 00000000 end 00000682 length  1666 segment .info.
start 00000000 end 000011bc length  4540 segment .debug
start 00008000 end 00008080 length   128 segment .const
start 00008091 end 00008099 length     8 segment .init


                               -------
                               Modules
                               -------

C:\Program Files (x86)\COSMIC\FSE_Compilers\CXSTM8\Lib\crtsi0.sm8:
start 000080a5 end 000080f5 length    80 section .text
start 00000100 end 00000100 length     0 section .bss
start 0000000c end 0000000c length     0 section .ubsct
start 00000000 end 00000033 length    51 section .info.

Debug\display.o:
start 000080f5 end 000084d1 length   988 section .text
start 00000000 end 0000000c length    12 section .bsct
start 0000000c end 00000013 length     7 section .ubsct
start 00000000 end 0000051e length  1310 section .debug
start 00000033 end 000000ab length   120 section .info.
start 00008080 end 0000808d length    13 section .const

Debug\ds3231.o:
start 000084d1 end 0000858e length   189 section .text
start 0000051e end 000006ee length   464 section .debug
start 000000ab end 00000122 length   119 section .info.

Debug\gpio.o:
start 000006ee end 00000732 length    68 section .debug
start 00000122 end 00000197 length   117 section .info.

Debug\hc595.o:
start 0000858e end 0000860e length   128 section .text
start 00000732 end 000008ad length   379 section .debug
start 00000197 end 0000020d length   118 section .info.

Debug\i2c.o:
start 0000860e end 000087cb length   445 section .text
start 000008ad end 00000b48 length   667 section .debug
start 0000020d end 00000281 length   116 section .info.

Debug\main.o:
start 000087cb end 0000883c length   113 section .text
start ******** end ******** length     0 section .ubsct *** removed ***
start 00000b48 end 00000cf0 length   424 section .debug
start 00000281 end 000002f6 length   117 section .info.
start 0000808d end 00008091 length     4 section .const

Debug\rgb.o:
start 0000883c end 000088f0 length   180 section .text
start 00000cf0 end 00000ea8 length   440 section .debug
start 000002f6 end 0000036a length   116 section .info.

Debug\service_timing.o:
start 000088f0 end 0000893c length    76 section .text
start 00000013 end 00000014 length     1 section .ubsct
start 00000ea8 end 00001051 length   425 section .debug
start 0000036a end 000003e9 length   127 section .info.

(C:\Program Files (x86)\COSMIC\FSE_Compilers\CXSTM8\Lib\libm0.sm8)bmulx.o:
start 0000893c end 0000894a length    14 section .text
start 000003e9 end 00000418 length    47 section .info.

(C:\Program Files (x86)\COSMIC\FSE_Compilers\CXSTM8\Lib\libm0.sm8)lsdiv.o:
start 0000894a end 00008969 length    31 section .text
start 00000418 end 00000447 length    47 section .info.

(C:\Program Files (x86)\COSMIC\FSE_Compilers\CXSTM8\Lib\libm0.sm8)ldiv.o:
start 00008969 end 00008a54 length   235 section .text
start 00000447 end 00000475 length    46 section .info.

(C:\Program Files (x86)\COSMIC\FSE_Compilers\CXSTM8\Lib\libm0.sm8)lgneg.o:
start 00008a54 end 00008a67 length    19 section .text
start 00000475 end 000004a4 length    47 section .info.

(C:\Program Files (x86)\COSMIC\FSE_Compilers\CXSTM8\Lib\libm0.sm8)lneg.o:
start 00008a67 end 00008a7c length    21 section .text
start 000004a4 end 000004d2 length    46 section .info.

(C:\Program Files (x86)\COSMIC\FSE_Compilers\CXSTM8\Lib\libm0.sm8)lreg.o:
start 00000014 end 00000018 length     4 section .ubsct
start 000004d2 end 00000500 length    46 section .info.

(C:\Program Files (x86)\COSMIC\FSE_Compilers\CXSTM8\Lib\libm0.sm8)umul.o:
start 00008a7c end 00008ab8 length    60 section .text
start 00000500 end 0000052e length    46 section .info.

(C:\Program Files (x86)\COSMIC\FSE_Compilers\CXSTM8\Lib\libm0.sm8)xreg.o:
start 00000018 end 0000001b length     3 section .ubsct
start 0000052e end 0000055c length    46 section .info.

(C:\Program Files (x86)\COSMIC\FSE_Compilers\CXSTM8\Lib\libm0.sm8)xymov.o:
start 00008ab8 end 00008af7 length    63 section .text
start 0000055c end 0000058b length    47 section .info.

(C:\Program Files (x86)\COSMIC\FSE_Compilers\CXSTM8\Lib\libm0.sm8)yreg.o:
start 0000001b end 0000001e length     3 section .ubsct
start 0000058b end 000005b9 length    46 section .info.

Debug\stm8_interrupt_vector.o:
start 00008af7 end 00008af8 length     1 section .text
start 00001051 end 000011bc length   363 section .debug
start 000005b9 end 0000063f length   134 section .info.
start 00008000 end 00008080 length   128 section .const


                             -----------
                             Stack usage
                             -----------

Debug\display.o:
L51_displayNixieBuffPrepare      13   (9)
L71_displaySetDotBright          19   (5)
_displayDot                       4   (4)
_displayDotPulse                  2   (2)
_displayDotPulseProc             21   (2)
_displayInit                     21   (6)
_displayNixie                    15   (2)
_displaySetBright                 7   (3)
f_TIM2_CAP_ISR               >   20   (12)
f_TIM2_UPD_ISR               >   20   (12)

Debug\ds3231.o:
_ds3231Init                       4   (2)
_ds3231_read                 >   11   (5)
_ds3231_read_time                14   (8)

Debug\hc595.o:
_hc595ChainShiftOut               8   (8)
_hc595Init                        2   (2)

Debug\i2c.o:
_i2c_ack                          3   (3)
_i2c_busy_check                   2   (2)
_i2c_init                         2   (2)
_i2c_shift                        4   (4)
_i2c_slave_unlock                 6   (4)
_i2c_start                        2   (2)
_i2c_stop                         2   (2)

Debug\main.o:
_BCD_To_Decimal              >    4   (4)
_main                        >   33   (9)

Debug\rgb.o:
_RGBinit                          2   (2)
_RGBsetB                     >    2   (2)
_RGBsetG                     >    2   (2)
_RGBsetR                     >    2   (2)

Debug\service_timing.o:
_service_timing_init              2   (2)
_servise_timing_5ms_proc         24   (9)

Debug\stm8_interrupt_vector.o:
f_NonHandledInterrupt        >    6   (6)

Stack size: 53


                              ---------
                              Call tree
                              ---------
   1 > _BCD_To_Decimal: (4)

   2 > _RGBsetB: (2)

   3 > _RGBsetG: (2)

   4 > _RGBsetR: (2)

   5 > __stext: (0)

   6 > _ds3231_read: (5)
   7      + _i2c_ack: (3)
   8      + _i2c_busy_check: (2)
   9      + _i2c_shift: (4)
  10      + _i2c_slave_unlock: (4)
  11      |    + _i2c_init: (2)
          | 
  12      + _i2c_start: (2)
  13      + _i2c_stop: (2)
       
  14 > _main: (9)
  15      + _RGBinit: (2)
  16      + _displayDotPulseProc: (2)
  17      |    + L71_displaySetDotBright: (5)
  18      |    + _displayDotPulse: (2)
          | 
  19      + _displayInit: (6)
  20      |    + _displayDot: (4)
  21      |    + _displayNixie: (2)
  22      |    |    + L51_displayNixieBuffPrepare: (9)
          |    | 
  23      |    + _displaySetBright: (3)
  24      |    + _hc595ChainShiftOut: (8)
  25      |    + _hc595Init: (2)
          | 
  26      + _displayNixie --> 21
  27      + _ds3231Init: (2)
  28      |    + _i2c_init --> 11
          | 
  29      + _ds3231_read_time: (8)
  30      |    + _i2c_ack --> 7
  31      |    + _i2c_busy_check --> 8
  32      |    + _i2c_shift --> 9
  33      |    + _i2c_slave_unlock --> 10
  34      |    + _i2c_start --> 12
  35      |    + _i2c_stop --> 13
          | 
  36      + _service_timing_init: (2)
  37      + _servise_timing_5ms_proc: (9)
  38      |    + _displayNixie --> 21
  39      |    + _ds3231_read_time --> 29
          | 
       
  40 > f_NonHandledInterrupt: (6)

  41 > f_TIM2_CAP_ISR: (12)
  42      + _hc595ChainShiftOut --> 24
       
  43 > f_TIM2_UPD_ISR: (12)
  44      + _hc595ChainShiftOut --> 24
       
  45   L51_displayNixieBuffPrepare --> 22

  46   L71_displaySetDotBright --> 17

  47   _RGBinit --> 15

  48   _displayDot --> 20

  49   _displayDotPulse --> 18

  50   _displayDotPulseProc --> 16

  51   _displayInit --> 19

  52   _displayNixie --> 21

  53   _displaySetBright --> 23

  54   _ds3231Init --> 27

  55   _ds3231_read_time --> 29

  56   _hc595ChainShiftOut --> 24

  57   _hc595Init --> 25

  58   _i2c_ack --> 7

  59   _i2c_busy_check --> 8

  60   _i2c_init --> 11

  61   _i2c_shift --> 9

  62   _i2c_slave_unlock --> 10

  63   _i2c_start --> 12

  64   _i2c_stop --> 13

  65   _service_timing_init --> 36

  66   _servise_timing_5ms_proc --> 37



                               -------
                               Symbols
                               -------

_BCD_To_Decimal            000087cb   defined in Debug\main.o section .text
_RGBinit                   0000883c   defined in Debug\rgb.o section .text
                                      used in Debug\main.o
_RGBsetB                   000088ef   defined in Debug\rgb.o section .text
_RGBsetG                   000088ee   defined in Debug\rgb.o section .text
_RGBsetR                   000088ed   defined in Debug\rgb.o section .text
__endmem                   000001ff   defined in command file
                                      *** not used ***
__endzp                    0000001e   defined in command file section .ubsct
                                      used in C:\Program Files (x86)\COSMIC\FSE_Compilers\CXSTM8\Lib\crtsi0.sm8
__idesc__                  00008091   defined in linker section .init
                                      used in C:\Program Files (x86)\COSMIC\FSE_Compilers\CXSTM8\Lib\crtsi0.sm8
__memory                   00000100   defined in command file section .bss
                                      used in C:\Program Files (x86)\COSMIC\FSE_Compilers\CXSTM8\Lib\crtsi0.sm8
__stack                    000003ff   defined in command file
                                      used in C:\Program Files (x86)\COSMIC\FSE_Compilers\CXSTM8\Lib\crtsi0.sm8
__startmem                 00000100   defined in command file section .bss
                                      *** not used ***
__stext                    000080a5   defined in C:\Program Files (x86)\COSMIC\FSE_Compilers\CXSTM8\Lib\crtsi0.sm8 section .text
                                      used in Debug\stm8_interrupt_vector.o
__vectab                   00008000   defined in Debug\stm8_interrupt_vector.o section .const
_counter50ms               00000013   defined in Debug\service_timing.o section .ubsct
_delay_ms_reg              ********   *** removed from Debug\main.o ***
_displayDot                00008397   defined in Debug\display.o section .text
_displayDotPulse           000083c7   defined in Debug\display.o section .text
_displayDotPulseProc       000083ca   defined in Debug\display.o section .text
                                      used in Debug\main.o
_displayInit               000080f5   defined in Debug\display.o section .text
                                      used in Debug\main.o
_displayNixie              00008385   defined in Debug\display.o section .text
                                      used in Debug\main.o Debug\service_timing.o
_displaySetBright          00008350   defined in Debug\display.o section .text
_ds3231Init                000084d1   defined in Debug\ds3231.o section .text
                                      used in Debug\main.o
_ds3231_read               000084d5   defined in Debug\ds3231.o section .text
_ds3231_read_time          00008526   defined in Debug\ds3231.o section .text
                                      used in Debug\main.o Debug\service_timing.o
_exit                      000080f3   defined in C:\Program Files (x86)\COSMIC\FSE_Compilers\CXSTM8\Lib\crtsi0.sm8 section .text
_flag5ms                   00000010   defined in Debug\display.o section .ubsct
                                      used in Debug\service_timing.o
_hc595ChainShiftOut        000085c3   defined in Debug\hc595.o section .text
                                      used in Debug\display.o
_hc595Init                 0000858e   defined in Debug\hc595.o section .text
                                      used in Debug\display.o
_i2c_ack                   000086ec   defined in Debug\i2c.o section .text
                                      used in Debug\ds3231.o
_i2c_busy_check            0000862f   defined in Debug\i2c.o section .text
                                      used in Debug\ds3231.o
_i2c_init                  0000860e   defined in Debug\i2c.o section .text
                                      used in Debug\ds3231.o
_i2c_shift                 000086a1   defined in Debug\i2c.o section .text
                                      used in Debug\ds3231.o
_i2c_slave_unlock          0000863b   defined in Debug\i2c.o section .text
                                      used in Debug\ds3231.o
_i2c_start                 0000873f   defined in Debug\i2c.o section .text
                                      used in Debug\ds3231.o
_i2c_stop                  00008784   defined in Debug\i2c.o section .text
                                      used in Debug\ds3231.o
_main                      000087df   defined in Debug\main.o section .text
                                      used in C:\Program Files (x86)\COSMIC\FSE_Compilers\CXSTM8\Lib\crtsi0.sm8
_service_timing_init       000088f0   defined in Debug\service_timing.o section .text
                                      used in Debug\main.o
_servise_timing_5ms_proc   000088f1   defined in Debug\service_timing.o section .text
                                      used in Debug\main.o
c_bmulx                    0000893c   defined in (C:\Program Files (x86)\COSMIC\FSE_Compilers\CXSTM8\Lib\libm0.sm8)bmulx.o section .text
                                      used in Debug\display.o
c_divsl                    00008969   defined in (C:\Program Files (x86)\COSMIC\FSE_Compilers\CXSTM8\Lib\libm0.sm8)ldiv.o section .text
                                      used in (C:\Program Files (x86)\COSMIC\FSE_Compilers\CXSTM8\Lib\libm0.sm8)lsdiv.o
c_divul                    00008980   defined in (C:\Program Files (x86)\COSMIC\FSE_Compilers\CXSTM8\Lib\libm0.sm8)ldiv.o section .text
c_ldiv                     0000894a   defined in (C:\Program Files (x86)\COSMIC\FSE_Compilers\CXSTM8\Lib\libm0.sm8)lsdiv.o section .text
                                      used in Debug\display.o
c_lgneg                    00008a54   defined in (C:\Program Files (x86)\COSMIC\FSE_Compilers\CXSTM8\Lib\libm0.sm8)lgneg.o section .text
                                      used in (C:\Program Files (x86)\COSMIC\FSE_Compilers\CXSTM8\Lib\libm0.sm8)ldiv.o
c_lneg                     00008a67   defined in (C:\Program Files (x86)\COSMIC\FSE_Compilers\CXSTM8\Lib\libm0.sm8)lneg.o section .text
                                      used in (C:\Program Files (x86)\COSMIC\FSE_Compilers\CXSTM8\Lib\libm0.sm8)lsdiv.o
                                              (C:\Program Files (x86)\COSMIC\FSE_Compilers\CXSTM8\Lib\libm0.sm8)ldiv.o
c_lreg                     00000014   defined in (C:\Program Files (x86)\COSMIC\FSE_Compilers\CXSTM8\Lib\libm0.sm8)lreg.o section .ubsct
                                      used in Debug\display.o
                                              (C:\Program Files (x86)\COSMIC\FSE_Compilers\CXSTM8\Lib\libm0.sm8)ldiv.o
                                              (C:\Program Files (x86)\COSMIC\FSE_Compilers\CXSTM8\Lib\libm0.sm8)lneg.o
                                              (C:\Program Files (x86)\COSMIC\FSE_Compilers\CXSTM8\Lib\libm0.sm8)umul.o
c_umul                     00008a7c   defined in (C:\Program Files (x86)\COSMIC\FSE_Compilers\CXSTM8\Lib\libm0.sm8)umul.o section .text
                                      used in Debug\display.o
c_x                        00000018   defined in (C:\Program Files (x86)\COSMIC\FSE_Compilers\CXSTM8\Lib\libm0.sm8)xreg.o section .ubsct
                                      used in C:\Program Files (x86)\COSMIC\FSE_Compilers\CXSTM8\Lib\crtsi0.sm8
                                              Debug\display.o
                                              (C:\Program Files (x86)\COSMIC\FSE_Compilers\CXSTM8\Lib\libm0.sm8)bmulx.o
                                              (C:\Program Files (x86)\COSMIC\FSE_Compilers\CXSTM8\Lib\libm0.sm8)lsdiv.o
                                              (C:\Program Files (x86)\COSMIC\FSE_Compilers\CXSTM8\Lib\libm0.sm8)ldiv.o
                                              (C:\Program Files (x86)\COSMIC\FSE_Compilers\CXSTM8\Lib\libm0.sm8)umul.o
                                              (C:\Program Files (x86)\COSMIC\FSE_Compilers\CXSTM8\Lib\libm0.sm8)xymov.o
c_xymov                    00008ab8   defined in (C:\Program Files (x86)\COSMIC\FSE_Compilers\CXSTM8\Lib\libm0.sm8)xymov.o section .text
                                      used in Debug\display.o Debug\main.o
c_y                        0000001b   defined in (C:\Program Files (x86)\COSMIC\FSE_Compilers\CXSTM8\Lib\libm0.sm8)yreg.o section .ubsct
                                      used in C:\Program Files (x86)\COSMIC\FSE_Compilers\CXSTM8\Lib\crtsi0.sm8
                                              Debug\display.o
                                              (C:\Program Files (x86)\COSMIC\FSE_Compilers\CXSTM8\Lib\libm0.sm8)umul.o
f_NonHandledInterrupt      00008af7   defined in Debug\stm8_interrupt_vector.o section .text
f_TIM2_CAP_ISR             0000848f   defined in Debug\display.o section .text
                                      used in Debug\stm8_interrupt_vector.o
f_TIM2_UPD_ISR             00008450   defined in Debug\display.o section .text
                                      used in Debug\stm8_interrupt_vector.o
